
> app@0.1.0 build
> next build

  Ôû▓ Next.js 14.2.3

   Creating an optimized production build ...
node.exe : <w> [webp
ack.cache.PackFileCa
cheStrategy] 
Skipped not 
serializable cache 
item 'Compilation/mo
dules|C:\Users\mouki
\.gemini\antigravity
\scratch\solana-russ
ian-roulette\app\nod
e_modules\next\dist\
build\webpack\loader
s\css-loader\src\ind
ex.js??ruleSet[1].ru
les[13].oneOf[12].us
e[2]!C:\Users\mouki\
.gemini\antigravity\
scratch\solana-russi
an-roulette\app\node
_modules\next\dist\b
uild\webpack\loaders
\postcss-loader\src\
index.js??ruleSet[1]
.rules[13].oneOf[12]
.use[3]!C:\Users\mou
ki\.gemini\antigravi
ty\scratch\solana-ru
ssian-roulette\app\s
rc\app\globals.css':
 No serializer 
registered for 
PostCSSSyntaxError
Au caractère 
C:\Program Files\nod
ejs\npm.ps1:29 : 3
+   & $NODE_EXE 
$NPM_CLI_JS $args
+   ~~~~~~~~~~~~~~~~
~~~~~~~~~~~~~
    + CategoryInfo  
            : NotS  
  pecified: (<w>    
 [webpack.ca...t    
CSSSyntaxError:    
String) [], Rem    
oteException
    + FullyQualifie 
   dErrorId : Nati  
  veCommandError
 
<w> while 
serializing webpack/
lib/cache/PackFileCa
cheStrategy.PackCont
entItems -> webpack/
lib/NormalModule -> 
webpack/lib/ModuleBu
ildError -> 
PostCSSSyntaxError
Failed to compile.

./src/app/globals.cs
s:1:1
Syntax error: C:\Use
rs\mouki\.gemini\ant
igravity\scratch\sol
ana-russian-roulette
\app\src\app\globals
.css `@layer base` 
is used but no 
matching `@tailwind 
base` directive is 
present.

[1m[31m>[39m[22m
[90m 1 | [39m[36m
@layer[39m base 
[33m{[39m
 [90m   | [39m[1m
[31m^[39m[22m
 [90m 2 | [39m  
[33m:[39mroot 
[33m{[39m
 [90m 3 | [39m    
--bg-color[33m:[39
m [35m#030305[39m
[33m;[39m

./src/app/globals.cs
s
Syntax error: C:\Use
rs\mouki\.gemini\ant
igravity\scratch\sol
ana-russian-roulette
\app\src\app\globals
.css `@layer base` 
is used but no 
matching `@tailwind 
base` directive is 
present. (1:1)

[1m[31m>[39m[22m
[90m 1 | [39m[36m
@layer[39m base 
[33m{[39m
 [90m   | [39m[1m
[31m^[39m[22m
 [90m 2 | [39m  
[33m:[39mroot 
[33m{[39m
 [90m 3 | [39m    
--bg-color[33m:[39
m [35m#030305[39m
[33m;[39m

    at tryRunOrWebpa
ckError (C:\Users\mo
uki\.gemini\antigrav
ity\scratch\solana-r
ussian-roulette\app\
node_modules\next\di
st\compiled\webpack\
bundle5.js:28:312989
)
    at __webpack_req
uire_module__ (C:\Us
ers\mouki\.gemini\an
tigravity\scratch\so
lana-russian-roulett
e\app\node_modules\n
ext\dist\compiled\we
bpack\bundle5.js:28:
131165)
    at __nested_webp
ack_require_153728__
 (C:\Users\mouki\.ge
mini\antigravity\scr
atch\solana-russian-
roulette\app\node_mo
dules\next\dist\comp
iled\webpack\bundle5
.js:28:130607)
    at C:\Users\mouk
i\.gemini\antigravit
y\scratch\solana-rus
sian-roulette\app\no
de_modules\next\dist
\compiled\webpack\bu
ndle5.js:28:131454
    at 
symbolIterator (C:\U
sers\mouki\.gemini\a
ntigravity\scratch\s
olana-russian-roulet
te\app\node_modules\
next\dist\compiled\n
eo-async\async.js:1:
14444)
    at done (C:\User
s\mouki\.gemini\anti
gravity\scratch\sola
na-russian-roulette\
app\node_modules\nex
t\dist\compiled\neo-
async\async.js:1:148
24)
    at Hook.eval 
[as callAsync] 
(eval at create (C:\
Users\mouki\.gemini\
antigravity\scratch\
solana-russian-roule
tte\app\node_modules
\next\dist\compiled\
webpack\bundle5.js:1
3:28858), 
<anonymous>:15:1)
    at Hook.CALL_ASY
NC_DELEGATE [as 
_callAsync] (C:\User
s\mouki\.gemini\anti
gravity\scratch\sola
na-russian-roulette\
app\node_modules\nex
t\dist\compiled\webp
ack\bundle5.js:13:26
012)
    at C:\Users\mouk
i\.gemini\antigravit
y\scratch\solana-rus
sian-roulette\app\no
de_modules\next\dist
\compiled\webpack\bu
ndle5.js:28:130328
    at 
symbolIterator (C:\U
sers\mouki\.gemini\a
ntigravity\scratch\s
olana-russian-roulet
te\app\node_modules\
next\dist\compiled\n
eo-async\async.js:1:
14402)
-- inner error --
Syntax error: C:\Use
rs\mouki\.gemini\ant
igravity\scratch\sol
ana-russian-roulette
\app\src\app\globals
.css `@layer base` 
is used but no 
matching `@tailwind 
base` directive is 
present. (1:1)

[1m[31m>[39m[22m
[90m 1 | [39m[36m
@layer[39m base 
[33m{[39m
 [90m   | [39m[1m
[31m^[39m[22m
 [90m 2 | [39m  
[33m:[39mroot 
[33m{[39m
 [90m 3 | [39m    
--bg-color[33m:[39
m [35m#030305[39m
[33m;[39m

    at 
Object.<anonymous> (
C:\Users\mouki\.gemi
ni\antigravity\scrat
ch\solana-russian-ro
ulette\app\node_modu
les\next\dist\build\
webpack\loaders\css-
loader\src\index.js?
?ruleSet[1].rules[13
].oneOf[12].use[2]!C
:\Users\mouki\.gemin
i\antigravity\scratc
h\solana-russian-rou
lette\app\node_modul
es\next\dist\build\w
ebpack\loaders\postc
ss-loader\src\index.
js??ruleSet[1].rules
[13].oneOf[12].use[3
]!C:\Users\mouki\.ge
mini\antigravity\scr
atch\solana-russian-
roulette\app\src\app
\globals.css:1:7)
    at C:\Users\mouk
i\.gemini\antigravit
y\scratch\solana-rus
sian-roulette\app\no
de_modules\next\dist
\compiled\webpack\bu
ndle5.js:28:922493
    at Hook.eval 
[as call] (eval at 
create (C:\Users\mou
ki\.gemini\antigravi
ty\scratch\solana-ru
ssian-roulette\app\n
ode_modules\next\dis
t\compiled\webpack\b
undle5.js:13:28636),
 <anonymous>:7:1)
    at 
Hook.CALL_DELEGATE 
[as _call] (C:\Users
\mouki\.gemini\antig
ravity\scratch\solan
a-russian-roulette\a
pp\node_modules\next
\dist\compiled\webpa
ck\bundle5.js:13:259
06)
    at C:\Users\mouk
i\.gemini\antigravit
y\scratch\solana-rus
sian-roulette\app\no
de_modules\next\dist
\compiled\webpack\bu
ndle5.js:28:131198
    at tryRunOrWebpa
ckError (C:\Users\mo
uki\.gemini\antigrav
ity\scratch\solana-r
ussian-roulette\app\
node_modules\next\di
st\compiled\webpack\
bundle5.js:28:312943
)
    at __webpack_req
uire_module__ (C:\Us
ers\mouki\.gemini\an
tigravity\scratch\so
lana-russian-roulett
e\app\node_modules\n
ext\dist\compiled\we
bpack\bundle5.js:28:
131165)
    at __nested_webp
ack_require_153728__
 (C:\Users\mouki\.ge
mini\antigravity\scr
atch\solana-russian-
roulette\app\node_mo
dules\next\dist\comp
iled\webpack\bundle5
.js:28:130607)
    at C:\Users\mouk
i\.gemini\antigravit
y\scratch\solana-rus
sian-roulette\app\no
de_modules\next\dist
\compiled\webpack\bu
ndle5.js:28:131454
    at 
symbolIterator (C:\U
sers\mouki\.gemini\a
ntigravity\scratch\s
olana-russian-roulet
te\app\node_modules\
next\dist\compiled\n
eo-async\async.js:1:
14444)

Generated code for C
:\Users\mouki\.gemin
i\antigravity\scratc
h\solana-russian-rou
lette\app\node_modul
es\next\dist\build\w
ebpack\loaders\css-l
oader\src\index.js??
ruleSet[1].rules[13]
.oneOf[12].use[2]!C:
\Users\mouki\.gemini
\antigravity\scratch
\solana-russian-roul
ette\app\node_module
s\next\dist\build\we
bpack\loaders\postcs
s-loader\src\index.j
s??ruleSet[1].rules[
13].oneOf[12].use[3]
!C:\Users\mouki\.gem
ini\antigravity\scra
tch\solana-russian-r
oulette\app\src\app\
globals.css

Import trace for 
requested module:
./src/app/globals.cs
s


> Build failed 
because of webpack 
errors
